// Vitest Snapshot v1, https://vitest.dev/guide/snapshot.html

exports[`SignIn changes the class when hovered 1`] = `
<div
  className="signup-container"
>
  <h2
    className="signup-title"
  >
    Create an account or log in
  </h2>
  <p
    className="signup-sub-title"
  >
    Create a new account below or log in
  </p>
  <form
    className="signup-form"
    onSubmit={[Function]}
  >
    <input
      className="input-field"
      name="name"
      onBlur={[Function]}
      onChange={[Function]}
      placeholder="Name"
    />
    <input
      className="input-field"
      name="email"
      onBlur={[Function]}
      onChange={[Function]}
      placeholder="Email"
      type="email"
    />
    <input
      className="input-field"
      name="password"
      onBlur={[Function]}
      onChange={[Function]}
      placeholder="Password"
      type="password"
    />
    <div
      className="user-type-select"
    >
      <button
        className=""
        onClick={[Function]}
        type="button"
      >
        I'm a Customer
      </button>
      <button
        className=""
        onClick={[Function]}
        type="button"
      >
        I'm a Resturant Owner
      </button>
    </div>
    <button
      className="submit-button"
      type="submit"
    >
      Sign Up
    </button>
  </form>
</div>
`;
